1-fixed : realtime delivery  with message request UI 
problems : 
2-fixed : tabs problem with logout case ! (close socket)
3- duplicate followers url in two tabs , tab 1 accept follow request , tab 2 reject !?
4- Groups rules 
5- show sending forbiden ui toast
6- we need the backend truth (auth) not  frontend (client) ""websocket part""